// Jest Snapshot v1, https://goo.gl/fbAQLP

exports[`renders Events page correctly 1`] = `
<DocumentFragment>
  <div
    class="min-h-screen p-8"
  >
    <h1
      class="text-4xl font-bold mb-6"
    >
      Events
    </h1>
    <p
      class="text-lg"
    >
      Stay tuned for upcoming CAIS events and activities.
    </p>
  </div>
</DocumentFragment>
`;
