// Jest Snapshot v1, https://goo.gl/fbAQLP

exports[`renders Home page correctly 1`] = `
<DocumentFragment>
  <div
    class="min-h-screen p-8"
  >
    <h1
      class="text-4xl font-bold mb-6"
    >
      CAIS
    </h1>
    <p
      class="text-lg"
    >
      Welcome to Carleton's Artificial Intelligence Society.
    </p>
  </div>
</DocumentFragment>
`;
